test_ct_1_registry_equivalence (tests.test_v016_contracts.TestV016Contracts.test_ct_1_registry_equivalence) ... ok
test_ct_2_all_consumer_match_mismatch_pairs (tests.test_v016_contracts.TestV016Contracts.test_ct_2_all_consumer_match_mismatch_pairs) ... ok
test_ct_2_shell_consumers_accept_large_sealed_config_via_stdin (tests.test_v016_contracts.TestV016Contracts.test_ct_2_shell_consumers_accept_large_sealed_config_via_stdin) ... ok
test_ct_2b_all_consumer_read_counts_and_child_sha (tests.test_v016_contracts.TestV016Contracts.test_ct_2b_all_consumer_read_counts_and_child_sha) ... ok
test_ct_2b_sitecustomize_hooks_builtins_and_os_open (tests.test_v016_contracts.TestV016Contracts.test_ct_2b_sitecustomize_hooks_builtins_and_os_open) ... ok
test_ct_3_gate_child_detects_post_parent_config_swap (tests.test_v016_contracts.TestV016Contracts.test_ct_3_gate_child_detects_post_parent_config_swap) ... ok
test_ct_3_toctou_taint_acceptance_flow (tests.test_v016_contracts.TestV016Contracts.test_ct_3_toctou_taint_acceptance_flow) ... ok
test_ct_3b_taint_nonownership_is_non_mutating (tests.test_v016_contracts.TestV016Contracts.test_ct_3b_taint_nonownership_is_non_mutating) ... ok
test_ct_4_and_4c_open_run_recovery_suite (tests.test_v016_contracts.TestV016Contracts.test_ct_4_and_4c_open_run_recovery_suite) ... ok
test_ct_4b_harness_compatibility_contract (tests.test_v016_contracts.TestV016Contracts.test_ct_4b_harness_compatibility_contract) ... ok
test_ct_4d_plan_dispatch_history_mismatch_funnel (tests.test_v016_contracts.TestV016Contracts.test_ct_4d_plan_dispatch_history_mismatch_funnel) ... ok
test_ct_5_gate_records_and_measures_four_key_flips (tests.test_v016_contracts.TestV016Contracts.test_ct_5_gate_records_and_measures_four_key_flips) ... ok
test_ct_5_history_path_and_carry_contract_suites (tests.test_v016_contracts.TestV016Contracts.test_ct_5_history_path_and_carry_contract_suites) ... ok
test_ct_5b_complete_phase4_eligibility_table (tests.test_v016_contracts.TestV016Contracts.test_ct_5b_complete_phase4_eligibility_table) ... ok
test_ct_6_codex_review_plan_suite (tests.test_v016_contracts.TestV016Contracts.test_ct_6_codex_review_plan_suite) ... ok
test_ct_6_history_mismatch_taint_quarantine_and_cold_start (tests.test_v016_contracts.TestV016Contracts.test_ct_6_history_mismatch_taint_quarantine_and_cold_start) ... ok
test_ct_7_document_contracts (tests.test_v016_contracts.TestV016Contracts.test_ct_7_document_contracts) ... ok

----------------------------------------------------------------------
Ran 17 tests in 13.255s

OK
call sites 22／exempt 3／getters 13／scripts 21／observers 19
対象 21 本を検査
exit=0
